<html>
<body>
<pre>
<h1>礦ision Build Log</h1>
<h2>Tool Versions:</h2>
IDE-Version: μVision V5.17.0.0
Copyright (C) 2015 ARM Ltd and ARM Germany GmbH. All rights reserved.
License Information: xuejia AutoBVT, Microsoft, LIC=JDA01-CWMZX-174RR-KTCN8-FI8FW-H952V
 
Tool Versions:
Toolchain:       MDK-ARM Professional  Version: 5.17
Toolchain Path:  D:\keil\ARM\ARMCC\Bin
C Compiler:      Armcc.exe V5.06 update 1 (build 61)
Assembler:       Armasm.exe V5.06 update 1 (build 61)
Linker/Locator:  ArmLink.exe V5.06 update 1 (build 61)
Library Manager: ArmAr.exe V5.06 update 1 (build 61)
Hex Converter:   FromElf.exe V5.06 update 1 (build 61)
CPU DLL:         SARMCM3.DLL V5.17
Dialog DLL:      DCM.DLL V1.13.4.0
Target DLL:      CMSIS_AGDI.dll V1.23.1.0
Dialog DLL:      TCM.DLL V1.14.6.0
 
<h2>Project:</h2>
I:\wujique\prog\stm32f407\prj\wujique.uvprojx
Project File Date:  04/17/2018

<h2>Output:</h2>
*** Using Compiler 'V5.06 update 1 (build 61)', folder: 'D:\keil\ARM\ARMCC\Bin'
Rebuild target 'wujique'
compiling system_stm32f4xx.c...
compiling main.c...
..\app\main.c(173): warning:  #223-D: function "mcu_rtc_get_date" declared implicitly
  				mcu_rtc_get_date();
..\app\main.c(174): warning:  #223-D: function "mcu_rtc_get_time" declared implicitly
  				mcu_rtc_get_time();
..\app\main.c: 2 warnings, 0 errors
compiling stm32f4xx_it.c...
assembling startup_stm32f40_41xxx.s...
compiling misc.c...
compiling stm32f4xx_adc.c...
compiling wujique_log.c...
compiling stm32f4xx_cec.c...
compiling stm32f4xx_can.c...
compiling stm32f4xx_crc.c...
compiling stm32f4xx_cryp.c...
compiling stm32f4xx_cryp_aes.c...
compiling stm32f4xx_cryp_des.c...
compiling stm32f4xx_cryp_tdes.c...
compiling stm32f4xx_dac.c...
compiling stm32f4xx_dbgmcu.c...
compiling stm32f4xx_dcmi.c...
compiling stm32f4xx_dfsdm.c...
compiling stm32f4xx_dma.c...
compiling stm32f4xx_dma2d.c...
compiling stm32f4xx_dsi.c...
compiling stm32f4xx_exti.c...
compiling stm32f4xx_flash.c...
compiling stm32f4xx_flash_ramfunc.c...
compiling stm32f4xx_fmpi2c.c...
compiling stm32f4xx_fsmc.c...
compiling stm32f4xx_gpio.c...
compiling stm32f4xx_hash.c...
compiling stm32f4xx_hash_md5.c...
compiling stm32f4xx_hash_sha1.c...
compiling stm32f4xx_i2c.c...
compiling stm32f4xx_iwdg.c...
compiling stm32f4xx_lptim.c...
compiling stm32f4xx_ltdc.c...
compiling stm32f4xx_pwr.c...
compiling stm32f4xx_qspi.c...
compiling stm32f4xx_rcc.c...
compiling stm32f4xx_rng.c...
compiling stm32f4xx_rtc.c...
compiling stm32f4xx_sai.c...
compiling stm32f4xx_sdio.c...
compiling stm32f4xx_spdifrx.c...
compiling stm32f4xx_spi.c...
compiling stm32f4xx_syscfg.c...
compiling stm32f4xx_tim.c...
compiling stm32f4xx_usart.c...
compiling stm32f4xx_wwdg.c...
compiling mcu_uart.c...
compiling mcu_timer.c...
compiling stm324xg_eval_fsmc_sram.c...
compiling mcu_i2c.c...
compiling mcu_dac.c...
compiling mcu_spi.c...
compiling mcu_i2s.c...
compiling mcu_sdio.c...
compiling mcu_adc.c...
compiling mcu_dcmi.c...
compiling mcu_can.c...
compiling mcu_rtc.c...
compiling dev_key.c...
compiling dev_buzzer.c...
compiling dev_touchkey.c...
compiling dev_tea5767.c...
compiling dev_dacsound.c...
compiling dev_spiflash.c...
compiling dev_wm8978.c...
compiling stm324xg_eval_sdio_sd.c...
compiling dev_ILI9341.c...
compiling dev_xpt2046.c...
compiling dev_touchscreen.c...
compiling dcmi_ov9655.c...
compiling camera_api.c...
compiling dcmi_ov2640.c...
compiling dev_rs485.c...
compiling dev_lcd.c...
..\board_dev\dev_lcd.c(147): warning:  #223-D: function "drv_ST7565_init" declared implicitly
  		ret = drv_ST7565_init();
..\board_dev\dev_lcd.c(175): warning:  #223-D: function "bus_8080_lcd_bl" declared implicitly
  	bus_8080_lcd_bl(1);//?蚩彻?	
..\board_dev\dev_lcd.c(222): warning:  #223-D: function "abs" declared implicitly
  	if (abs (dx) < abs (dy)) 
..\board_dev\dev_lcd.c(341): warning:  #223-D: function "strlen" declared implicitly
  	int sl = strlen (s);
..\board_dev\dev_lcd.c(393): warning:  #223-D: function "Delay" declared implicitly
  		Delay(1000);
..\board_dev\dev_lcd.c: 5 warnings, 0 errors
compiling font_8x8.c...
compiling dev_str7565.c...
..\board_dev\dev_str7565.c(368): warning:  #223-D: function "memset" declared implicitly
  	memset((char*)&LcdGram, 0x00, 128*8);//要??为动态?卸??源娲?小
..\board_dev\dev_str7565.c(556): warning:  #550-D: variable "ylen" was set but never used
  	u16 xlen,ylen;
..\board_dev\dev_str7565.c(700): warning:  #223-D: function "memset" declared implicitly
  	memset((char*)&LcdGram, 0x00, 128*8);//要??为动态?卸??源娲?小
..\board_dev\dev_str7565.c(740): warning:  #144-D: a value of type "void (*)(u8)" cannot be used to initialize an entity of type "s32 (*)(u8)"
  							.onoff = drv_ssd1615_display_onoff,
..\board_dev\dev_str7565.c(269): warning:  #177-D: function "drv_ST7565_set_cp_addr" was declared but never referenced
  static s32 drv_ST7565_set_cp_addr(u16 sc, u16 ec, u16 sp, u16 ep)
..\board_dev\dev_str7565.c: 5 warnings, 0 errors
compiling font_8x16.c...
compiling audio_sample.c...
compiling ts_attach.c...
compiling alloc.c...
..\Utilities\alloc\alloc.c(214): warning:  #223-D: function "memset" declared implicitly
  		memset((char*)p, 0, n*size);
..\Utilities\alloc\alloc.c(229): warning:  #223-D: function "memset" declared implicitly
  	memset(p, 0xf0, 1024);
..\Utilities\alloc\alloc.c: 2 warnings, 0 errors
compiling ts_close.c...
compiling ts_fd.c...
compiling ts_config.c...
compiling ts_load_module.c...
compiling ts_open.c...
compiling ts_parse_vars.c...
..\Utilities\tslib\src\ts_parse_vars.c(42): warning:  #223-D: function "strsep" declared implicitly
  	while ((p = (char *)strsep(&s, " \t")) != NULL && ret == 0) 
..\Utilities\tslib\src\ts_parse_vars.c: 1 warning, 0 errors
compiling ts_read.c...
compiling ts_read_raw.c...
compiling dejitter.c...
compiling linear.c...
compiling pthres.c...
compiling stm32-raw.c...
compiling variance.c...
compiling ts_calibrate.c...
..\Utilities\tslib\tests\ts_calibrate.c(46): warning:  #1035-D: single-precision operand implicitly converted to double-precision
          n += 1.0;
..\Utilities\tslib\tests\ts_calibrate.c(55): warning:  #1035-D: single-precision operand implicitly converted to double-precision
      if (det < 0.1 && det > -0.1)
..\Utilities\tslib\tests\ts_calibrate.c: 2 warnings, 0 errors
compiling testutils.c...
compiling dual_func_demo.c...
compiling usb_bsp.c...
compiling usbd_desc.c...
compiling usbd_storage_msd.c...
compiling usbd_usr.c...
compiling usbh_msc_usr.c...
compiling usb_hcd_int.c...
compiling usb_hcd.c...
compiling usb_dcd_int.c...
compiling usb_dcd.c...
compiling usb_core.c...
compiling usbh_core.c...
compiling usbh_hcs.c...
compiling usbh_ioreq.c...
compiling usbh_stdreq.c...
compiling usbh_msc_bot.c...
compiling usbh_msc_core.c...
compiling usbh_msc_scsi.c...
compiling usbh_msc_fatfs.c...
compiling usbd_ioreq.c...
compiling usbd_core.c...
compiling usbd_req.c...
compiling usbd_msc_core.c...
compiling usbd_msc_bot.c...
compiling diskio.c...
compiling usbd_msc_data.c...
compiling cc936.c...
compiling ff.c...
compiling usbd_msc_scsi.c...
compiling syscall.c...
..\Utilities\fat_fs\src\option\syscall.c(13): warning:  #9-D: nested comment is not allowed
  /*------------------------------------------------------------------------*/
..\Utilities\fat_fs\src\option\syscall.c: 1 warning, 0 errors
compiling netconf.c...
compiling eth_app.c...
compiling tcp_echoserver.c...
compiling stm32f4x7_eth_bsp.c...
compiling api_lib.c...
compiling api_msg.c...
compiling err.c...
compiling netbuf.c...
compiling netifapi.c...
compiling netdb.c...
compiling sockets.c...
compiling tcpip.c...
compiling stm32f4x7_eth.c...
compiling def.c...
compiling dhcp.c...
compiling dns.c...
compiling init.c...
compiling mem.c...
compiling memp.c...
compiling netif.c...
compiling pbuf.c...
compiling raw.c...
compiling stats.c...
compiling sys.c...
compiling tcp.c...
compiling tcp_in.c...
compiling tcp_out.c...
..\Utilities\lwip-1.4.1\src\core\tcp_out.c(845): warning:  #550-D: variable "tcphdr" was set but never used
    struct tcp_hdr *tcphdr;
..\Utilities\lwip-1.4.1\src\core\tcp_out.c(1367): warning:  #550-D: variable "tcphdr" was set but never used
    struct tcp_hdr *tcphdr;
..\Utilities\lwip-1.4.1\src\core\tcp_out.c: 2 warnings, 0 errors
compiling timers.c...
compiling autoip.c...
compiling udp.c...
compiling etharp.c...
compiling igmp.c...
compiling inet.c...
compiling icmp.c...
compiling inet_chksum.c...
compiling ip_addr.c...
compiling ip.c...
compiling ip_frag.c...
compiling ethernetif.c...
linking...
Program Size: Code=39444 RO-data=11432 RW-data=772 ZI-data=116516  
FromELF: creating hex file...
".\Objects\wujique.axf" - 0 Error(s), 20 Warning(s).

<h2>Collection of Component include folders:</h2>
  I:\wujique\prog\stm32f407\prj\RTE
  D:\keil\ARM\PACK\Keil\STM32F4xx_DFP\2.11.0\Drivers\CMSIS\Device\ST\STM32F4xx\Include

<h2>Collection of Component Files used:</h2>
Build Time Elapsed:  00:01:01
</pre>
</body>
</html>
